---
source: crates/yajl/src/tree/tests.rs
expression: ctx
snapshot_kind: text
---
Context {
    stack: "NULL",
    root: Value::Object({"key": Value::True}),
    errbuf: "NULL",
    errbuf_size: 0,
}
