---
source: crates/yajl-test-suite/tests/api/tree_api.rs
expression: msg
snapshot_kind: text
---
"'input' is NULL"
